
> onbure@0.1.0 build
> next build

??Next.js 16.1.6 (Turbopack)
- Environments: .env.local

node.exe : ??The "middleware" file convention is depreca
ted. Please use "proxy" instead. Learn more: https://nex
tjs.org/docs/messages/middleware-to-proxy
위치 줄:1 문자:1
+ & "C:\Program Files\nodejs/node.exe" "C:\Program Files
\nodejs/node_mo ...
+ ~~~~~~~~~~~~~~~~~~~~~~~~~~~~~~~~~~~~~~~~~~~~~~~~~~~~~~
~~~~~~~~~~~~~~~
    + CategoryInfo          : NotSpecified: (??The "mid 
   dlewa...leware-to-proxy:String) [], RemoteException
    + FullyQualifiedErrorId : NativeCommandError
 
  Creating an optimized production build ...
??Compiled successfully in 5.1s
  Running TypeScript ...
  Collecting page data using 11 workers ...
  Generating static pages using 11 workers (0/33) ...
  Generating static pages using 11 workers (8/33) 
  Generating static pages using 11 workers (16/33) 
  Generating static pages using 11 workers (24/33) 
??Generating static pages using 11 workers (33/33) in 534.8ms
  Finalizing page optimization ...

Route (app)
????/
????/_not-found
??? /api/auth/[...nextauth]
??? /api/chat
??? /api/chat/[id]
??? /api/chat/alerts
??? /api/chat/dm-users
??? /api/chat/messages
??? /api/chat/read-receipt
??? /api/chat/teams
??? /api/chat/thread/dm
??? /api/chat/thread/team
??? /api/discovery
??? /api/friends
??? /api/friends/[friendId]
??? /api/health/supabase
??? /api/monitoring/errors
??? /api/profile
??? /api/realtime/config
??? /api/register
??? /api/register/email-code/send
??? /api/register/email-code/verify
??? /api/requests
??? /api/requests/file-download
??? /api/teams
??? /api/teams/[teamId]
??? /api/teams/[teamId]/leave
??? /api/users/[userId]
??? /api/ux/click
??? /api/workspace/[teamId]
??? /api/workspace/[teamId]/files/upload
????/apple-icon.png
????/chat
??? /chat/[id]
??? /discovery
????/friends
????/icon.png
??? /legal/[region]
????/login
??? /people/[userId]
????/profile
????/register
????/requests
??? /teams/[teamId]
??? /workspace/[teamId]


? Proxy (Middleware)

?? (Static)   prerendered as static content
?  (Dynamic)  server-rendered on demand

